[0.245s] Invoking command in '/home/rm/2025-sentry-navi/build/application_cpp': CMAKE_PREFIX_PATH=${CMAKE_PREFIX_PATH}:/opt/ros/humble /usr/bin/cmake /home/rm/2025-sentry-navi/src/application_cpp -DCMAKE_INSTALL_PREFIX=/home/rm/2025-sentry-navi/install/application_cpp
[0.291s] -- The C compiler identification is GNU 11.4.0
[0.341s] -- The CXX compiler identification is GNU 11.4.0
[0.345s] -- Detecting C compiler ABI info
[0.390s] -- Detecting C compiler ABI info - done
[0.394s] -- Check for working C compiler: /usr/bin/cc - skipped
[0.394s] -- Detecting C compile features
[0.394s] -- Detecting C compile features - done
[0.396s] -- Detecting CXX compiler ABI info
[0.456s] -- Detecting CXX compiler ABI info - done
[0.463s] -- Check for working CXX compiler: /usr/bin/c++ - skipped
[0.463s] -- Detecting CXX compile features
[0.464s] -- Detecting CXX compile features - done
[0.466s] -- Found ament_cmake: 1.3.11 (/opt/ros/humble/share/ament_cmake/cmake)
[0.599s] -- Found Python3: /usr/bin/python3 (found version "3.10.12") found components: Interpreter 
[0.689s] -- Found rclcpp: 16.0.12 (/opt/ros/humble/share/rclcpp/cmake)
[0.722s] -- Found rosidl_generator_c: 3.1.6 (/opt/ros/humble/share/rosidl_generator_c/cmake)
[0.725s] -- Found rosidl_adapter: 3.1.6 (/opt/ros/humble/share/rosidl_adapter/cmake)
[0.729s] -- Found rosidl_generator_cpp: 3.1.6 (/opt/ros/humble/share/rosidl_generator_cpp/cmake)
[0.736s] -- Using all available rosidl_typesupport_c: rosidl_typesupport_fastrtps_c;rosidl_typesupport_introspection_c
[0.745s] -- Using all available rosidl_typesupport_cpp: rosidl_typesupport_fastrtps_cpp;rosidl_typesupport_introspection_cpp
[0.771s] -- Found rmw_implementation_cmake: 6.1.2 (/opt/ros/humble/share/rmw_implementation_cmake/cmake)
[0.772s] -- Found rmw_fastrtps_cpp: 6.2.7 (/opt/ros/humble/share/rmw_fastrtps_cpp/cmake)
[0.832s] -- Found OpenSSL: /usr/lib/x86_64-linux-gnu/libcrypto.so (found version "3.0.2")  
[0.857s] -- Found FastRTPS: /opt/ros/humble/include  
[0.897s] -- Using RMW implementation 'rmw_fastrtps_cpp' as default
[0.905s] -- Looking for pthread.h
[0.964s] -- Looking for pthread.h - found
[0.964s] -- Performing Test CMAKE_HAVE_LIBC_PTHREAD
[1.024s] -- Performing Test CMAKE_HAVE_LIBC_PTHREAD - Success
[1.025s] -- Found Threads: TRUE  
[1.072s] -- Found nav2_msgs: 1.1.18 (/opt/ros/humble/share/nav2_msgs/cmake)
[1.149s] -- Found rclcpp_action: 16.0.12 (/opt/ros/humble/share/rclcpp_action/cmake)
[1.161s] -- Found ament_lint_auto: 0.12.12 (/opt/ros/humble/share/ament_lint_auto/cmake)
[1.231s] -- Added test 'cppcheck' to perform static code analysis on C / C++ code
[1.231s] -- Configured cppcheck include dirs: 
[1.231s] -- Configured cppcheck exclude dirs and/or files: 
[1.231s] -- Added test 'lint_cmake' to check CMake code style
[1.232s] -- Added test 'uncrustify' to check C / C++ code style
[1.232s] -- Configured uncrustify additional arguments: 
[1.232s] -- Added test 'xmllint' to check XML markup files
[1.233s] -- Configuring done
[1.238s] -- Generating done
[1.240s] -- Build files have been written to: /home/rm/2025-sentry-navi/build/application_cpp
[1.246s] Invoked command in '/home/rm/2025-sentry-navi/build/application_cpp' returned '0': CMAKE_PREFIX_PATH=${CMAKE_PREFIX_PATH}:/opt/ros/humble /usr/bin/cmake /home/rm/2025-sentry-navi/src/application_cpp -DCMAKE_INSTALL_PREFIX=/home/rm/2025-sentry-navi/install/application_cpp
[1.248s] Invoking command in '/home/rm/2025-sentry-navi/build/application_cpp': CMAKE_PREFIX_PATH=${CMAKE_PREFIX_PATH}:/opt/ros/humble /usr/bin/cmake --build /home/rm/2025-sentry-navi/build/application_cpp -- -j20 -l20
[1.290s] [ 50%] [32mBuilding CXX object CMakeFiles/nav2pose.dir/src/nav2pose.cpp.o[0m
[4.251s] [100%] [32m[1mLinking CXX executable nav2pose[0m
[4.405s] [100%] Built target nav2pose
[4.415s] Invoked command in '/home/rm/2025-sentry-navi/build/application_cpp' returned '0': CMAKE_PREFIX_PATH=${CMAKE_PREFIX_PATH}:/opt/ros/humble /usr/bin/cmake --build /home/rm/2025-sentry-navi/build/application_cpp -- -j20 -l20
[4.417s] Invoking command in '/home/rm/2025-sentry-navi/build/application_cpp': CMAKE_PREFIX_PATH=${CMAKE_PREFIX_PATH}:/opt/ros/humble /usr/bin/cmake --install /home/rm/2025-sentry-navi/build/application_cpp
[4.423s] -- Install configuration: ""
[4.423s] -- Installing: /home/rm/2025-sentry-navi/install/application_cpp/lib/application_cpp/nav2pose
[4.424s] -- Set runtime path of "/home/rm/2025-sentry-navi/install/application_cpp/lib/application_cpp/nav2pose" to ""
[4.424s] -- Installing: /home/rm/2025-sentry-navi/install/application_cpp/share/ament_index/resource_index/package_run_dependencies/application_cpp
[4.424s] -- Installing: /home/rm/2025-sentry-navi/install/application_cpp/share/ament_index/resource_index/parent_prefix_path/application_cpp
[4.424s] -- Installing: /home/rm/2025-sentry-navi/install/application_cpp/share/application_cpp/environment/ament_prefix_path.sh
[4.425s] -- Installing: /home/rm/2025-sentry-navi/install/application_cpp/share/application_cpp/environment/ament_prefix_path.dsv
[4.425s] -- Installing: /home/rm/2025-sentry-navi/install/application_cpp/share/application_cpp/environment/path.sh
[4.425s] -- Installing: /home/rm/2025-sentry-navi/install/application_cpp/share/application_cpp/environment/path.dsv
[4.425s] -- Installing: /home/rm/2025-sentry-navi/install/application_cpp/share/application_cpp/local_setup.bash
[4.425s] -- Installing: /home/rm/2025-sentry-navi/install/application_cpp/share/application_cpp/local_setup.sh
[4.425s] -- Installing: /home/rm/2025-sentry-navi/install/application_cpp/share/application_cpp/local_setup.zsh
[4.425s] -- Installing: /home/rm/2025-sentry-navi/install/application_cpp/share/application_cpp/local_setup.dsv
[4.425s] -- Installing: /home/rm/2025-sentry-navi/install/application_cpp/share/application_cpp/package.dsv
[4.425s] -- Installing: /home/rm/2025-sentry-navi/install/application_cpp/share/ament_index/resource_index/packages/application_cpp
[4.425s] -- Installing: /home/rm/2025-sentry-navi/install/application_cpp/share/application_cpp/cmake/application_cppConfig.cmake
[4.426s] -- Installing: /home/rm/2025-sentry-navi/install/application_cpp/share/application_cpp/cmake/application_cppConfig-version.cmake
[4.426s] -- Installing: /home/rm/2025-sentry-navi/install/application_cpp/share/application_cpp/package.xml
[4.428s] Invoked command in '/home/rm/2025-sentry-navi/build/application_cpp' returned '0': CMAKE_PREFIX_PATH=${CMAKE_PREFIX_PATH}:/opt/ros/humble /usr/bin/cmake --install /home/rm/2025-sentry-navi/build/application_cpp
