[0.097s] DEBUG:colcon:Command line arguments: ['/usr/bin/colcon', 'build']
[0.097s] DEBUG:colcon:Parsed command line arguments: Namespace(log_base=None, log_level=None, verb_name='build', build_base='build', install_base='install', merge_install=False, symlink_install=False, test_result_base=None, continue_on_error=False, executor='parallel', parallel_workers=20, event_handlers=None, ignore_user_meta=False, metas=['./colcon.meta'], base_paths=['.'], packages_ignore=None, packages_ignore_regex=None, paths=None, packages_up_to=None, packages_up_to_regex=None, packages_above=None, packages_above_and_dependencies=None, packages_above_depth=None, packages_select_by_dep=None, packages_skip_by_dep=None, packages_skip_up_to=None, packages_select_build_failed=False, packages_skip_build_finished=False, packages_select_test_failures=False, packages_skip_test_passed=False, packages_select=None, packages_skip=None, packages_select_regex=None, packages_skip_regex=None, packages_start=None, packages_end=None, allow_overriding=[], cmake_args=None, cmake_target=None, cmake_target_skip_unavailable=False, cmake_clean_cache=False, cmake_clean_first=False, cmake_force_configure=False, ament_cmake_args=None, catkin_cmake_args=None, catkin_skip_building_tests=False, verb_parser=<colcon_defaults.argument_parser.defaults.DefaultArgumentsDecorator object at 0x75bd58750370>, verb_extension=<colcon_core.verb.build.BuildVerb object at 0x75bd5871bdf0>, main=<bound method BuildVerb.main of <colcon_core.verb.build.BuildVerb object at 0x75bd5871bdf0>>)
[0.250s] Level 1:colcon.colcon_core.package_discovery:discover_packages(colcon_meta) check parameters
[0.250s] Level 1:colcon.colcon_core.package_discovery:discover_packages(recursive) check parameters
[0.250s] Level 1:colcon.colcon_core.package_discovery:discover_packages(ignore) check parameters
[0.250s] Level 1:colcon.colcon_core.package_discovery:discover_packages(path) check parameters
[0.250s] Level 1:colcon.colcon_core.package_discovery:discover_packages(colcon_meta) discover
[0.250s] Level 1:colcon.colcon_core.package_discovery:discover_packages(recursive) discover
[0.250s] INFO:colcon.colcon_core.package_discovery:Crawling recursively for packages in '/home/rm/2025-sentry-navi'
[0.250s] Level 1:colcon.colcon_core.package_identification:_identify(.) by extensions ['ignore', 'ignore_ament_install']
[0.250s] Level 1:colcon.colcon_core.package_identification:_identify(.) by extension 'ignore'
[0.250s] Level 1:colcon.colcon_core.package_identification:_identify(.) by extension 'ignore_ament_install'
[0.250s] Level 1:colcon.colcon_core.package_identification:_identify(.) by extensions ['colcon_pkg']
[0.250s] Level 1:colcon.colcon_core.package_identification:_identify(.) by extension 'colcon_pkg'
[0.250s] Level 1:colcon.colcon_core.package_identification:_identify(.) by extensions ['colcon_meta']
[0.250s] Level 1:colcon.colcon_core.package_identification:_identify(.) by extension 'colcon_meta'
[0.250s] Level 1:colcon.colcon_core.package_identification:_identify(.) by extensions ['ros']
[0.250s] Level 1:colcon.colcon_core.package_identification:_identify(.) by extension 'ros'
[0.261s] Level 1:colcon.colcon_core.package_identification:_identify(.) by extensions ['cmake', 'python']
[0.261s] Level 1:colcon.colcon_core.package_identification:_identify(.) by extension 'cmake'
[0.261s] Level 1:colcon.colcon_core.package_identification:_identify(.) by extension 'python'
[0.261s] Level 1:colcon.colcon_core.package_identification:_identify(.) by extensions ['python_setup_py']
[0.261s] Level 1:colcon.colcon_core.package_identification:_identify(.) by extension 'python_setup_py'
[0.261s] Level 1:colcon.colcon_core.package_identification:_identify(build) by extensions ['ignore', 'ignore_ament_install']
[0.261s] Level 1:colcon.colcon_core.package_identification:_identify(build) by extension 'ignore'
[0.261s] Level 1:colcon.colcon_core.package_identification:_identify(build) ignored
[0.261s] Level 1:colcon.colcon_core.package_identification:_identify(install) by extensions ['ignore', 'ignore_ament_install']
[0.261s] Level 1:colcon.colcon_core.package_identification:_identify(install) by extension 'ignore'
[0.261s] Level 1:colcon.colcon_core.package_identification:_identify(install) ignored
[0.261s] Level 1:colcon.colcon_core.package_identification:_identify(log) by extensions ['ignore', 'ignore_ament_install']
[0.261s] Level 1:colcon.colcon_core.package_identification:_identify(log) by extension 'ignore'
[0.261s] Level 1:colcon.colcon_core.package_identification:_identify(log) ignored
[0.261s] Level 1:colcon.colcon_core.package_identification:_identify(src) by extensions ['ignore', 'ignore_ament_install']
[0.262s] Level 1:colcon.colcon_core.package_identification:_identify(src) by extension 'ignore'
[0.262s] Level 1:colcon.colcon_core.package_identification:_identify(src) by extension 'ignore_ament_install'
[0.262s] Level 1:colcon.colcon_core.package_identification:_identify(src) by extensions ['colcon_pkg']
[0.262s] Level 1:colcon.colcon_core.package_identification:_identify(src) by extension 'colcon_pkg'
[0.262s] Level 1:colcon.colcon_core.package_identification:_identify(src) by extensions ['colcon_meta']
[0.262s] Level 1:colcon.colcon_core.package_identification:_identify(src) by extension 'colcon_meta'
[0.262s] Level 1:colcon.colcon_core.package_identification:_identify(src) by extensions ['ros']
[0.262s] Level 1:colcon.colcon_core.package_identification:_identify(src) by extension 'ros'
[0.262s] Level 1:colcon.colcon_core.package_identification:_identify(src) by extensions ['cmake', 'python']
[0.262s] Level 1:colcon.colcon_core.package_identification:_identify(src) by extension 'cmake'
[0.262s] Level 1:colcon.colcon_core.package_identification:_identify(src) by extension 'python'
[0.262s] Level 1:colcon.colcon_core.package_identification:_identify(src) by extensions ['python_setup_py']
[0.262s] Level 1:colcon.colcon_core.package_identification:_identify(src) by extension 'python_setup_py'
[0.262s] Level 1:colcon.colcon_core.package_identification:_identify(src/application) by extensions ['ignore', 'ignore_ament_install']
[0.262s] Level 1:colcon.colcon_core.package_identification:_identify(src/application) by extension 'ignore'
[0.262s] Level 1:colcon.colcon_core.package_identification:_identify(src/application) by extension 'ignore_ament_install'
[0.262s] Level 1:colcon.colcon_core.package_identification:_identify(src/application) by extensions ['colcon_pkg']
[0.262s] Level 1:colcon.colcon_core.package_identification:_identify(src/application) by extension 'colcon_pkg'
[0.262s] Level 1:colcon.colcon_core.package_identification:_identify(src/application) by extensions ['colcon_meta']
[0.262s] Level 1:colcon.colcon_core.package_identification:_identify(src/application) by extension 'colcon_meta'
[0.262s] Level 1:colcon.colcon_core.package_identification:_identify(src/application) by extensions ['ros']
[0.262s] Level 1:colcon.colcon_core.package_identification:_identify(src/application) by extension 'ros'
[0.264s] DEBUG:colcon.colcon_core.package_identification:Package 'src/application' with type 'ros.ament_python' and name 'application'
[0.264s] Level 1:colcon.colcon_core.package_identification:_identify(src/application_cpp) by extensions ['ignore', 'ignore_ament_install']
[0.265s] Level 1:colcon.colcon_core.package_identification:_identify(src/application_cpp) by extension 'ignore'
[0.265s] Level 1:colcon.colcon_core.package_identification:_identify(src/application_cpp) by extension 'ignore_ament_install'
[0.265s] Level 1:colcon.colcon_core.package_identification:_identify(src/application_cpp) by extensions ['colcon_pkg']
[0.265s] Level 1:colcon.colcon_core.package_identification:_identify(src/application_cpp) by extension 'colcon_pkg'
[0.265s] Level 1:colcon.colcon_core.package_identification:_identify(src/application_cpp) by extensions ['colcon_meta']
[0.265s] Level 1:colcon.colcon_core.package_identification:_identify(src/application_cpp) by extension 'colcon_meta'
[0.265s] Level 1:colcon.colcon_core.package_identification:_identify(src/application_cpp) by extensions ['ros']
[0.265s] Level 1:colcon.colcon_core.package_identification:_identify(src/application_cpp) by extension 'ros'
[0.265s] DEBUG:colcon.colcon_core.package_identification:Package 'src/application_cpp' with type 'ros.ament_cmake' and name 'application_cpp'
[0.265s] Level 1:colcon.colcon_core.package_identification:_identify(src/navi2) by extensions ['ignore', 'ignore_ament_install']
[0.265s] Level 1:colcon.colcon_core.package_identification:_identify(src/navi2) by extension 'ignore'
[0.266s] Level 1:colcon.colcon_core.package_identification:_identify(src/navi2) by extension 'ignore_ament_install'
[0.266s] Level 1:colcon.colcon_core.package_identification:_identify(src/navi2) by extensions ['colcon_pkg']
[0.266s] Level 1:colcon.colcon_core.package_identification:_identify(src/navi2) by extension 'colcon_pkg'
[0.266s] Level 1:colcon.colcon_core.package_identification:_identify(src/navi2) by extensions ['colcon_meta']
[0.266s] Level 1:colcon.colcon_core.package_identification:_identify(src/navi2) by extension 'colcon_meta'
[0.266s] Level 1:colcon.colcon_core.package_identification:_identify(src/navi2) by extensions ['ros']
[0.266s] Level 1:colcon.colcon_core.package_identification:_identify(src/navi2) by extension 'ros'
[0.266s] DEBUG:colcon.colcon_core.package_identification:Package 'src/navi2' with type 'ros.ament_cmake' and name 'navi2'
[0.266s] Level 1:colcon.colcon_core.package_identification:_identify(src/simulation) by extensions ['ignore', 'ignore_ament_install']
[0.266s] Level 1:colcon.colcon_core.package_identification:_identify(src/simulation) by extension 'ignore'
[0.267s] Level 1:colcon.colcon_core.package_identification:_identify(src/simulation) by extension 'ignore_ament_install'
[0.267s] Level 1:colcon.colcon_core.package_identification:_identify(src/simulation) by extensions ['colcon_pkg']
[0.267s] Level 1:colcon.colcon_core.package_identification:_identify(src/simulation) by extension 'colcon_pkg'
[0.267s] Level 1:colcon.colcon_core.package_identification:_identify(src/simulation) by extensions ['colcon_meta']
[0.267s] Level 1:colcon.colcon_core.package_identification:_identify(src/simulation) by extension 'colcon_meta'
[0.267s] Level 1:colcon.colcon_core.package_identification:_identify(src/simulation) by extensions ['ros']
[0.267s] Level 1:colcon.colcon_core.package_identification:_identify(src/simulation) by extension 'ros'
[0.267s] DEBUG:colcon.colcon_core.package_identification:Package 'src/simulation' with type 'ros.ament_cmake' and name 'simulation'
[0.267s] Level 1:colcon.colcon_core.package_discovery:discover_packages(recursive) using defaults
[0.267s] Level 1:colcon.colcon_core.package_discovery:discover_packages(ignore) discover
[0.267s] Level 1:colcon.colcon_core.package_discovery:discover_packages(ignore) using defaults
[0.267s] Level 1:colcon.colcon_core.package_discovery:discover_packages(path) discover
[0.267s] Level 1:colcon.colcon_core.package_discovery:discover_packages(path) using defaults
[0.292s] Level 1:colcon.colcon_core.package_discovery:discover_packages(prefix_path) check parameters
[0.292s] Level 1:colcon.colcon_core.package_discovery:discover_packages(prefix_path) discover
[0.293s] DEBUG:colcon.colcon_installed_package_information.package_discovery:Found 1 installed packages in /home/rm/ws_livox/install
[0.295s] DEBUG:colcon.colcon_installed_package_information.package_discovery:Found 392 installed packages in /opt/ros/humble
[0.297s] Level 1:colcon.colcon_core.package_discovery:discover_packages(prefix_path) using defaults
[0.344s] Level 5:colcon.colcon_core.verb:set package 'application' build argument 'cmake_args' from command line to 'None'
[0.344s] Level 5:colcon.colcon_core.verb:set package 'application' build argument 'cmake_target' from command line to 'None'
[0.344s] Level 5:colcon.colcon_core.verb:set package 'application' build argument 'cmake_target_skip_unavailable' from command line to 'False'
[0.344s] Level 5:colcon.colcon_core.verb:set package 'application' build argument 'cmake_clean_cache' from command line to 'False'
[0.344s] Level 5:colcon.colcon_core.verb:set package 'application' build argument 'cmake_clean_first' from command line to 'False'
[0.344s] Level 5:colcon.colcon_core.verb:set package 'application' build argument 'cmake_force_configure' from command line to 'False'
[0.344s] Level 5:colcon.colcon_core.verb:set package 'application' build argument 'ament_cmake_args' from command line to 'None'
[0.344s] Level 5:colcon.colcon_core.verb:set package 'application' build argument 'catkin_cmake_args' from command line to 'None'
[0.344s] Level 5:colcon.colcon_core.verb:set package 'application' build argument 'catkin_skip_building_tests' from command line to 'False'
[0.344s] DEBUG:colcon.colcon_core.verb:Building package 'application' with the following arguments: {'ament_cmake_args': None, 'build_base': '/home/rm/2025-sentry-navi/build/application', 'catkin_cmake_args': None, 'catkin_skip_building_tests': False, 'cmake_args': None, 'cmake_clean_cache': False, 'cmake_clean_first': False, 'cmake_force_configure': False, 'cmake_target': None, 'cmake_target_skip_unavailable': False, 'install_base': '/home/rm/2025-sentry-navi/install/application', 'merge_install': False, 'path': '/home/rm/2025-sentry-navi/src/application', 'symlink_install': False, 'test_result_base': None}
[0.345s] Level 5:colcon.colcon_core.verb:set package 'application_cpp' build argument 'cmake_args' from command line to 'None'
[0.345s] Level 5:colcon.colcon_core.verb:set package 'application_cpp' build argument 'cmake_target' from command line to 'None'
[0.345s] Level 5:colcon.colcon_core.verb:set package 'application_cpp' build argument 'cmake_target_skip_unavailable' from command line to 'False'
[0.345s] Level 5:colcon.colcon_core.verb:set package 'application_cpp' build argument 'cmake_clean_cache' from command line to 'False'
[0.345s] Level 5:colcon.colcon_core.verb:set package 'application_cpp' build argument 'cmake_clean_first' from command line to 'False'
[0.345s] Level 5:colcon.colcon_core.verb:set package 'application_cpp' build argument 'cmake_force_configure' from command line to 'False'
[0.345s] Level 5:colcon.colcon_core.verb:set package 'application_cpp' build argument 'ament_cmake_args' from command line to 'None'
[0.345s] Level 5:colcon.colcon_core.verb:set package 'application_cpp' build argument 'catkin_cmake_args' from command line to 'None'
[0.345s] Level 5:colcon.colcon_core.verb:set package 'application_cpp' build argument 'catkin_skip_building_tests' from command line to 'False'
[0.345s] DEBUG:colcon.colcon_core.verb:Building package 'application_cpp' with the following arguments: {'ament_cmake_args': None, 'build_base': '/home/rm/2025-sentry-navi/build/application_cpp', 'catkin_cmake_args': None, 'catkin_skip_building_tests': False, 'cmake_args': None, 'cmake_clean_cache': False, 'cmake_clean_first': False, 'cmake_force_configure': False, 'cmake_target': None, 'cmake_target_skip_unavailable': False, 'install_base': '/home/rm/2025-sentry-navi/install/application_cpp', 'merge_install': False, 'path': '/home/rm/2025-sentry-navi/src/application_cpp', 'symlink_install': False, 'test_result_base': None}
[0.345s] Level 5:colcon.colcon_core.verb:set package 'navi2' build argument 'cmake_args' from command line to 'None'
[0.345s] Level 5:colcon.colcon_core.verb:set package 'navi2' build argument 'cmake_target' from command line to 'None'
[0.345s] Level 5:colcon.colcon_core.verb:set package 'navi2' build argument 'cmake_target_skip_unavailable' from command line to 'False'
[0.345s] Level 5:colcon.colcon_core.verb:set package 'navi2' build argument 'cmake_clean_cache' from command line to 'False'
[0.345s] Level 5:colcon.colcon_core.verb:set package 'navi2' build argument 'cmake_clean_first' from command line to 'False'
[0.345s] Level 5:colcon.colcon_core.verb:set package 'navi2' build argument 'cmake_force_configure' from command line to 'False'
[0.345s] Level 5:colcon.colcon_core.verb:set package 'navi2' build argument 'ament_cmake_args' from command line to 'None'
[0.345s] Level 5:colcon.colcon_core.verb:set package 'navi2' build argument 'catkin_cmake_args' from command line to 'None'
[0.345s] Level 5:colcon.colcon_core.verb:set package 'navi2' build argument 'catkin_skip_building_tests' from command line to 'False'
[0.345s] DEBUG:colcon.colcon_core.verb:Building package 'navi2' with the following arguments: {'ament_cmake_args': None, 'build_base': '/home/rm/2025-sentry-navi/build/navi2', 'catkin_cmake_args': None, 'catkin_skip_building_tests': False, 'cmake_args': None, 'cmake_clean_cache': False, 'cmake_clean_first': False, 'cmake_force_configure': False, 'cmake_target': None, 'cmake_target_skip_unavailable': False, 'install_base': '/home/rm/2025-sentry-navi/install/navi2', 'merge_install': False, 'path': '/home/rm/2025-sentry-navi/src/navi2', 'symlink_install': False, 'test_result_base': None}
[0.346s] Level 5:colcon.colcon_core.verb:set package 'simulation' build argument 'cmake_args' from command line to 'None'
[0.346s] Level 5:colcon.colcon_core.verb:set package 'simulation' build argument 'cmake_target' from command line to 'None'
[0.346s] Level 5:colcon.colcon_core.verb:set package 'simulation' build argument 'cmake_target_skip_unavailable' from command line to 'False'
[0.346s] Level 5:colcon.colcon_core.verb:set package 'simulation' build argument 'cmake_clean_cache' from command line to 'False'
[0.346s] Level 5:colcon.colcon_core.verb:set package 'simulation' build argument 'cmake_clean_first' from command line to 'False'
[0.346s] Level 5:colcon.colcon_core.verb:set package 'simulation' build argument 'cmake_force_configure' from command line to 'False'
[0.346s] Level 5:colcon.colcon_core.verb:set package 'simulation' build argument 'ament_cmake_args' from command line to 'None'
[0.346s] Level 5:colcon.colcon_core.verb:set package 'simulation' build argument 'catkin_cmake_args' from command line to 'None'
[0.346s] Level 5:colcon.colcon_core.verb:set package 'simulation' build argument 'catkin_skip_building_tests' from command line to 'False'
[0.346s] DEBUG:colcon.colcon_core.verb:Building package 'simulation' with the following arguments: {'ament_cmake_args': None, 'build_base': '/home/rm/2025-sentry-navi/build/simulation', 'catkin_cmake_args': None, 'catkin_skip_building_tests': False, 'cmake_args': None, 'cmake_clean_cache': False, 'cmake_clean_first': False, 'cmake_force_configure': False, 'cmake_target': None, 'cmake_target_skip_unavailable': False, 'install_base': '/home/rm/2025-sentry-navi/install/simulation', 'merge_install': False, 'path': '/home/rm/2025-sentry-navi/src/simulation', 'symlink_install': False, 'test_result_base': None}
[0.346s] INFO:colcon.colcon_core.executor:Executing jobs using 'parallel' executor
[0.347s] DEBUG:colcon.colcon_parallel_executor.executor.parallel:run_until_complete
[0.347s] INFO:colcon.colcon_ros.task.ament_python.build:Building ROS package in '/home/rm/2025-sentry-navi/src/application' with build type 'ament_python'
[0.347s] Level 1:colcon.colcon_core.shell:create_environment_hook('application', 'ament_prefix_path')
[0.349s] INFO:colcon.colcon_core.plugin_system:Skipping extension 'colcon_core.shell.bat': Not used on non-Windows systems
[0.349s] INFO:colcon.colcon_core.shell:Creating environment hook '/home/rm/2025-sentry-navi/install/application/share/application/hook/ament_prefix_path.ps1'
[0.350s] INFO:colcon.colcon_core.shell:Creating environment descriptor '/home/rm/2025-sentry-navi/install/application/share/application/hook/ament_prefix_path.dsv'
[0.350s] INFO:colcon.colcon_core.shell:Creating environment hook '/home/rm/2025-sentry-navi/install/application/share/application/hook/ament_prefix_path.sh'
[0.351s] INFO:colcon.colcon_core.shell:Skip shell extension 'powershell' for command environment: Not usable outside of PowerShell
[0.351s] DEBUG:colcon.colcon_core.shell:Skip shell extension 'dsv' for command environment
[0.354s] INFO:colcon.colcon_ros.task.ament_cmake.build:Building ROS package in '/home/rm/2025-sentry-navi/src/application_cpp' with build type 'ament_cmake'
[0.354s] INFO:colcon.colcon_cmake.task.cmake.build:Building CMake package in '/home/rm/2025-sentry-navi/src/application_cpp'
[0.355s] INFO:colcon.colcon_core.shell:Skip shell extension 'powershell' for command environment: Not usable outside of PowerShell
[0.355s] DEBUG:colcon.colcon_core.shell:Skip shell extension 'dsv' for command environment
[0.357s] INFO:colcon.colcon_ros.task.ament_cmake.build:Building ROS package in '/home/rm/2025-sentry-navi/src/navi2' with build type 'ament_cmake'
[0.358s] INFO:colcon.colcon_cmake.task.cmake.build:Building CMake package in '/home/rm/2025-sentry-navi/src/navi2'
[0.358s] INFO:colcon.colcon_core.shell:Skip shell extension 'powershell' for command environment: Not usable outside of PowerShell
[0.358s] DEBUG:colcon.colcon_core.shell:Skip shell extension 'dsv' for command environment
[0.361s] INFO:colcon.colcon_ros.task.ament_cmake.build:Building ROS package in '/home/rm/2025-sentry-navi/src/simulation' with build type 'ament_cmake'
[0.361s] INFO:colcon.colcon_cmake.task.cmake.build:Building CMake package in '/home/rm/2025-sentry-navi/src/simulation'
[0.361s] INFO:colcon.colcon_core.shell:Skip shell extension 'powershell' for command environment: Not usable outside of PowerShell
[0.361s] DEBUG:colcon.colcon_core.shell:Skip shell extension 'dsv' for command environment
[0.593s] INFO:colcon.colcon_core.task.python.build:Building Python package in '/home/rm/2025-sentry-navi/src/application'
[0.593s] INFO:colcon.colcon_core.shell:Skip shell extension 'powershell' for command environment: Not usable outside of PowerShell
[0.593s] DEBUG:colcon.colcon_core.shell:Skip shell extension 'dsv' for command environment
[0.599s] DEBUG:colcon.colcon_core.event_handler.log_command:Invoking command in '/home/rm/2025-sentry-navi/build/application_cpp': CMAKE_PREFIX_PATH=${CMAKE_PREFIX_PATH}:/opt/ros/humble /usr/bin/cmake /home/rm/2025-sentry-navi/src/application_cpp -DCMAKE_INSTALL_PREFIX=/home/rm/2025-sentry-navi/install/application_cpp
[0.601s] DEBUG:colcon.colcon_core.event_handler.log_command:Invoking command in '/home/rm/2025-sentry-navi/build/navi2': CMAKE_PREFIX_PATH=${CMAKE_PREFIX_PATH}:/opt/ros/humble /usr/bin/cmake /home/rm/2025-sentry-navi/src/navi2 -DCMAKE_INSTALL_PREFIX=/home/rm/2025-sentry-navi/install/navi2
[0.604s] DEBUG:colcon.colcon_core.event_handler.log_command:Invoking command in '/home/rm/2025-sentry-navi/build/simulation': CMAKE_PREFIX_PATH=${CMAKE_PREFIX_PATH}:/opt/ros/humble /usr/bin/cmake /home/rm/2025-sentry-navi/src/simulation -DCMAKE_INSTALL_PREFIX=/home/rm/2025-sentry-navi/install/simulation
[1.042s] DEBUG:colcon.colcon_core.event_handler.log_command:Invoking command in '/home/rm/2025-sentry-navi/src/application': PYTHONPATH=/home/rm/2025-sentry-navi/build/application/prefix_override:/usr/lib/python3/dist-packages/colcon_core/task/python/colcon_distutils_commands:/home/rm/2025-sentry-navi/install/application/lib/python3.10/site-packages:${PYTHONPATH} /usr/bin/python3 -W ignore:setup.py install is deprecated -W ignore:easy_install command is deprecated setup.py egg_info --egg-base ../../build/application build --build-base /home/rm/2025-sentry-navi/build/application/build install --record /home/rm/2025-sentry-navi/build/application/install.log --single-version-externally-managed install_data
[1.107s] DEBUG:colcon.colcon_core.event_handler.log_command:Invoked command in '/home/rm/2025-sentry-navi/build/simulation' returned '0': CMAKE_PREFIX_PATH=${CMAKE_PREFIX_PATH}:/opt/ros/humble /usr/bin/cmake /home/rm/2025-sentry-navi/src/simulation -DCMAKE_INSTALL_PREFIX=/home/rm/2025-sentry-navi/install/simulation
[1.109s] DEBUG:colcon.colcon_core.event_handler.log_command:Invoking command in '/home/rm/2025-sentry-navi/build/simulation': CMAKE_PREFIX_PATH=${CMAKE_PREFIX_PATH}:/opt/ros/humble /usr/bin/cmake --build /home/rm/2025-sentry-navi/build/simulation -- -j20 -l20
[1.137s] DEBUG:colcon.colcon_core.event_handler.log_command:Invoked command in '/home/rm/2025-sentry-navi/build/simulation' returned '0': CMAKE_PREFIX_PATH=${CMAKE_PREFIX_PATH}:/opt/ros/humble /usr/bin/cmake --build /home/rm/2025-sentry-navi/build/simulation -- -j20 -l20
[1.145s] DEBUG:colcon.colcon_core.event_handler.log_command:Invoking command in '/home/rm/2025-sentry-navi/build/simulation': CMAKE_PREFIX_PATH=${CMAKE_PREFIX_PATH}:/opt/ros/humble /usr/bin/cmake --install /home/rm/2025-sentry-navi/build/simulation
[1.146s] DEBUG:colcon.colcon_core.event_handler.log_command:Invoked command in '/home/rm/2025-sentry-navi/build/navi2' returned '0': CMAKE_PREFIX_PATH=${CMAKE_PREFIX_PATH}:/opt/ros/humble /usr/bin/cmake /home/rm/2025-sentry-navi/src/navi2 -DCMAKE_INSTALL_PREFIX=/home/rm/2025-sentry-navi/install/navi2
[1.148s] DEBUG:colcon.colcon_core.event_handler.log_command:Invoking command in '/home/rm/2025-sentry-navi/build/navi2': CMAKE_PREFIX_PATH=${CMAKE_PREFIX_PATH}:/opt/ros/humble /usr/bin/cmake --build /home/rm/2025-sentry-navi/build/navi2 -- -j20 -l20
[1.157s] Level 1:colcon.colcon_core.environment:create_environment_scripts_only(simulation)
[1.158s] DEBUG:colcon.colcon_core.event_handler.log_command:Invoked command in '/home/rm/2025-sentry-navi/build/simulation' returned '0': CMAKE_PREFIX_PATH=${CMAKE_PREFIX_PATH}:/opt/ros/humble /usr/bin/cmake --install /home/rm/2025-sentry-navi/build/simulation
[1.159s] Level 1:colcon.colcon_core.environment:checking '/home/rm/2025-sentry-navi/install/simulation' for CMake module files
[1.159s] Level 1:colcon.colcon_core.environment:checking '/home/rm/2025-sentry-navi/install/simulation' for CMake config files
[1.159s] Level 1:colcon.colcon_core.shell:create_environment_hook('simulation', 'cmake_prefix_path')
[1.159s] INFO:colcon.colcon_core.shell:Creating environment hook '/home/rm/2025-sentry-navi/install/simulation/share/simulation/hook/cmake_prefix_path.ps1'
[1.160s] INFO:colcon.colcon_core.shell:Creating environment descriptor '/home/rm/2025-sentry-navi/install/simulation/share/simulation/hook/cmake_prefix_path.dsv'
[1.160s] INFO:colcon.colcon_core.shell:Creating environment hook '/home/rm/2025-sentry-navi/install/simulation/share/simulation/hook/cmake_prefix_path.sh'
[1.160s] Level 1:colcon.colcon_core.environment:checking '/home/rm/2025-sentry-navi/install/simulation/bin'
[1.160s] Level 1:colcon.colcon_core.environment:checking '/home/rm/2025-sentry-navi/install/simulation/lib/pkgconfig/simulation.pc'
[1.160s] Level 1:colcon.colcon_core.environment:checking '/home/rm/2025-sentry-navi/install/simulation/lib/python3.10/site-packages'
[1.161s] Level 1:colcon.colcon_core.environment:checking '/home/rm/2025-sentry-navi/install/simulation/bin'
[1.161s] INFO:colcon.colcon_core.shell:Creating package script '/home/rm/2025-sentry-navi/install/simulation/share/simulation/package.ps1'
[1.161s] INFO:colcon.colcon_core.shell:Creating package descriptor '/home/rm/2025-sentry-navi/install/simulation/share/simulation/package.dsv'
[1.162s] INFO:colcon.colcon_core.shell:Creating package script '/home/rm/2025-sentry-navi/install/simulation/share/simulation/package.sh'
[1.162s] INFO:colcon.colcon_core.shell:Creating package script '/home/rm/2025-sentry-navi/install/simulation/share/simulation/package.bash'
[1.162s] INFO:colcon.colcon_core.shell:Creating package script '/home/rm/2025-sentry-navi/install/simulation/share/simulation/package.zsh'
[1.163s] Level 1:colcon.colcon_core.environment:create_file_with_runtime_dependencies(/home/rm/2025-sentry-navi/install/simulation/share/colcon-core/packages/simulation)
[1.163s] Level 1:colcon.colcon_core.environment:create_environment_scripts_only(simulation)
[1.163s] Level 1:colcon.colcon_core.environment:checking '/home/rm/2025-sentry-navi/install/simulation' for CMake module files
[1.163s] Level 1:colcon.colcon_core.environment:checking '/home/rm/2025-sentry-navi/install/simulation' for CMake config files
[1.164s] Level 1:colcon.colcon_core.shell:create_environment_hook('simulation', 'cmake_prefix_path')
[1.164s] INFO:colcon.colcon_core.shell:Creating environment hook '/home/rm/2025-sentry-navi/install/simulation/share/simulation/hook/cmake_prefix_path.ps1'
[1.164s] INFO:colcon.colcon_core.shell:Creating environment descriptor '/home/rm/2025-sentry-navi/install/simulation/share/simulation/hook/cmake_prefix_path.dsv'
[1.164s] INFO:colcon.colcon_core.shell:Creating environment hook '/home/rm/2025-sentry-navi/install/simulation/share/simulation/hook/cmake_prefix_path.sh'
[1.164s] Level 1:colcon.colcon_core.environment:checking '/home/rm/2025-sentry-navi/install/simulation/bin'
[1.164s] Level 1:colcon.colcon_core.environment:checking '/home/rm/2025-sentry-navi/install/simulation/lib/pkgconfig/simulation.pc'
[1.165s] Level 1:colcon.colcon_core.environment:checking '/home/rm/2025-sentry-navi/install/simulation/lib/python3.10/site-packages'
[1.165s] Level 1:colcon.colcon_core.environment:checking '/home/rm/2025-sentry-navi/install/simulation/bin'
[1.165s] INFO:colcon.colcon_core.shell:Creating package script '/home/rm/2025-sentry-navi/install/simulation/share/simulation/package.ps1'
[1.165s] INFO:colcon.colcon_core.shell:Creating package descriptor '/home/rm/2025-sentry-navi/install/simulation/share/simulation/package.dsv'
[1.165s] INFO:colcon.colcon_core.shell:Creating package script '/home/rm/2025-sentry-navi/install/simulation/share/simulation/package.sh'
[1.166s] INFO:colcon.colcon_core.shell:Creating package script '/home/rm/2025-sentry-navi/install/simulation/share/simulation/package.bash'
[1.166s] INFO:colcon.colcon_core.shell:Creating package script '/home/rm/2025-sentry-navi/install/simulation/share/simulation/package.zsh'
[1.166s] Level 1:colcon.colcon_core.environment:create_file_with_runtime_dependencies(/home/rm/2025-sentry-navi/install/simulation/share/colcon-core/packages/simulation)
[1.177s] DEBUG:colcon.colcon_core.event_handler.log_command:Invoked command in '/home/rm/2025-sentry-navi/build/navi2' returned '0': CMAKE_PREFIX_PATH=${CMAKE_PREFIX_PATH}:/opt/ros/humble /usr/bin/cmake --build /home/rm/2025-sentry-navi/build/navi2 -- -j20 -l20
[1.177s] DEBUG:colcon.colcon_core.event_handler.log_command:Invoking command in '/home/rm/2025-sentry-navi/build/navi2': CMAKE_PREFIX_PATH=${CMAKE_PREFIX_PATH}:/opt/ros/humble /usr/bin/cmake --install /home/rm/2025-sentry-navi/build/navi2
[1.186s] Level 1:colcon.colcon_core.environment:create_environment_scripts_only(navi2)
[1.186s] Level 1:colcon.colcon_core.environment:checking '/home/rm/2025-sentry-navi/install/navi2' for CMake module files
[1.187s] DEBUG:colcon.colcon_core.event_handler.log_command:Invoked command in '/home/rm/2025-sentry-navi/build/navi2' returned '0': CMAKE_PREFIX_PATH=${CMAKE_PREFIX_PATH}:/opt/ros/humble /usr/bin/cmake --install /home/rm/2025-sentry-navi/build/navi2
[1.187s] Level 1:colcon.colcon_core.environment:checking '/home/rm/2025-sentry-navi/install/navi2' for CMake config files
[1.187s] Level 1:colcon.colcon_core.shell:create_environment_hook('navi2', 'cmake_prefix_path')
[1.187s] INFO:colcon.colcon_core.shell:Creating environment hook '/home/rm/2025-sentry-navi/install/navi2/share/navi2/hook/cmake_prefix_path.ps1'
[1.188s] INFO:colcon.colcon_core.shell:Creating environment descriptor '/home/rm/2025-sentry-navi/install/navi2/share/navi2/hook/cmake_prefix_path.dsv'
[1.188s] INFO:colcon.colcon_core.shell:Creating environment hook '/home/rm/2025-sentry-navi/install/navi2/share/navi2/hook/cmake_prefix_path.sh'
[1.188s] Level 1:colcon.colcon_core.environment:checking '/home/rm/2025-sentry-navi/install/navi2/bin'
[1.188s] Level 1:colcon.colcon_core.environment:checking '/home/rm/2025-sentry-navi/install/navi2/lib/pkgconfig/navi2.pc'
[1.188s] Level 1:colcon.colcon_core.environment:checking '/home/rm/2025-sentry-navi/install/navi2/lib/python3.10/site-packages'
[1.188s] Level 1:colcon.colcon_core.environment:checking '/home/rm/2025-sentry-navi/install/navi2/bin'
[1.189s] INFO:colcon.colcon_core.shell:Creating package script '/home/rm/2025-sentry-navi/install/navi2/share/navi2/package.ps1'
[1.189s] INFO:colcon.colcon_core.shell:Creating package descriptor '/home/rm/2025-sentry-navi/install/navi2/share/navi2/package.dsv'
[1.189s] INFO:colcon.colcon_core.shell:Creating package script '/home/rm/2025-sentry-navi/install/navi2/share/navi2/package.sh'
[1.189s] INFO:colcon.colcon_core.shell:Creating package script '/home/rm/2025-sentry-navi/install/navi2/share/navi2/package.bash'
[1.189s] INFO:colcon.colcon_core.shell:Creating package script '/home/rm/2025-sentry-navi/install/navi2/share/navi2/package.zsh'
[1.190s] Level 1:colcon.colcon_core.environment:create_file_with_runtime_dependencies(/home/rm/2025-sentry-navi/install/navi2/share/colcon-core/packages/navi2)
[1.190s] Level 1:colcon.colcon_core.environment:create_environment_scripts_only(navi2)
[1.190s] Level 1:colcon.colcon_core.environment:checking '/home/rm/2025-sentry-navi/install/navi2' for CMake module files
[1.190s] Level 1:colcon.colcon_core.environment:checking '/home/rm/2025-sentry-navi/install/navi2' for CMake config files
[1.190s] Level 1:colcon.colcon_core.shell:create_environment_hook('navi2', 'cmake_prefix_path')
[1.190s] INFO:colcon.colcon_core.shell:Creating environment hook '/home/rm/2025-sentry-navi/install/navi2/share/navi2/hook/cmake_prefix_path.ps1'
[1.191s] INFO:colcon.colcon_core.shell:Creating environment descriptor '/home/rm/2025-sentry-navi/install/navi2/share/navi2/hook/cmake_prefix_path.dsv'
[1.191s] INFO:colcon.colcon_core.shell:Creating environment hook '/home/rm/2025-sentry-navi/install/navi2/share/navi2/hook/cmake_prefix_path.sh'
[1.191s] Level 1:colcon.colcon_core.environment:checking '/home/rm/2025-sentry-navi/install/navi2/bin'
[1.191s] Level 1:colcon.colcon_core.environment:checking '/home/rm/2025-sentry-navi/install/navi2/lib/pkgconfig/navi2.pc'
[1.191s] Level 1:colcon.colcon_core.environment:checking '/home/rm/2025-sentry-navi/install/navi2/lib/python3.10/site-packages'
[1.191s] Level 1:colcon.colcon_core.environment:checking '/home/rm/2025-sentry-navi/install/navi2/bin'
[1.192s] INFO:colcon.colcon_core.shell:Creating package script '/home/rm/2025-sentry-navi/install/navi2/share/navi2/package.ps1'
[1.192s] INFO:colcon.colcon_core.shell:Creating package descriptor '/home/rm/2025-sentry-navi/install/navi2/share/navi2/package.dsv'
[1.192s] INFO:colcon.colcon_core.shell:Creating package script '/home/rm/2025-sentry-navi/install/navi2/share/navi2/package.sh'
[1.192s] INFO:colcon.colcon_core.shell:Creating package script '/home/rm/2025-sentry-navi/install/navi2/share/navi2/package.bash'
[1.192s] INFO:colcon.colcon_core.shell:Creating package script '/home/rm/2025-sentry-navi/install/navi2/share/navi2/package.zsh'
[1.193s] Level 1:colcon.colcon_core.environment:create_file_with_runtime_dependencies(/home/rm/2025-sentry-navi/install/navi2/share/colcon-core/packages/navi2)
[1.321s] Level 1:colcon.colcon_core.environment:checking '/home/rm/2025-sentry-navi/install/application' for CMake module files
[1.321s] DEBUG:colcon.colcon_core.event_handler.log_command:Invoked command in '/home/rm/2025-sentry-navi/src/application' returned '0': PYTHONPATH=/home/rm/2025-sentry-navi/build/application/prefix_override:/usr/lib/python3/dist-packages/colcon_core/task/python/colcon_distutils_commands:/home/rm/2025-sentry-navi/install/application/lib/python3.10/site-packages:${PYTHONPATH} /usr/bin/python3 -W ignore:setup.py install is deprecated -W ignore:easy_install command is deprecated setup.py egg_info --egg-base ../../build/application build --build-base /home/rm/2025-sentry-navi/build/application/build install --record /home/rm/2025-sentry-navi/build/application/install.log --single-version-externally-managed install_data
[1.322s] Level 1:colcon.colcon_core.environment:checking '/home/rm/2025-sentry-navi/install/application' for CMake config files
[1.322s] Level 1:colcon.colcon_core.environment:checking '/home/rm/2025-sentry-navi/install/application/lib'
[1.322s] Level 1:colcon.colcon_core.environment:checking '/home/rm/2025-sentry-navi/install/application/bin'
[1.322s] Level 1:colcon.colcon_core.environment:checking '/home/rm/2025-sentry-navi/install/application/lib/pkgconfig/application.pc'
[1.322s] Level 1:colcon.colcon_core.environment:checking '/home/rm/2025-sentry-navi/install/application/lib/python3.10/site-packages'
[1.322s] Level 1:colcon.colcon_core.shell:create_environment_hook('application', 'pythonpath')
[1.322s] INFO:colcon.colcon_core.shell:Creating environment hook '/home/rm/2025-sentry-navi/install/application/share/application/hook/pythonpath.ps1'
[1.323s] INFO:colcon.colcon_core.shell:Creating environment descriptor '/home/rm/2025-sentry-navi/install/application/share/application/hook/pythonpath.dsv'
[1.323s] INFO:colcon.colcon_core.shell:Creating environment hook '/home/rm/2025-sentry-navi/install/application/share/application/hook/pythonpath.sh'
[1.323s] Level 1:colcon.colcon_core.environment:checking '/home/rm/2025-sentry-navi/install/application/bin'
[1.323s] Level 1:colcon.colcon_core.environment:create_environment_scripts_only(application)
[1.323s] INFO:colcon.colcon_core.shell:Creating package script '/home/rm/2025-sentry-navi/install/application/share/application/package.ps1'
[1.323s] INFO:colcon.colcon_core.shell:Creating package descriptor '/home/rm/2025-sentry-navi/install/application/share/application/package.dsv'
[1.324s] INFO:colcon.colcon_core.shell:Creating package script '/home/rm/2025-sentry-navi/install/application/share/application/package.sh'
[1.324s] INFO:colcon.colcon_core.shell:Creating package script '/home/rm/2025-sentry-navi/install/application/share/application/package.bash'
[1.324s] INFO:colcon.colcon_core.shell:Creating package script '/home/rm/2025-sentry-navi/install/application/share/application/package.zsh'
[1.324s] Level 1:colcon.colcon_core.environment:create_file_with_runtime_dependencies(/home/rm/2025-sentry-navi/install/application/share/colcon-core/packages/application)
[1.601s] DEBUG:colcon.colcon_core.event_handler.log_command:Invoked command in '/home/rm/2025-sentry-navi/build/application_cpp' returned '0': CMAKE_PREFIX_PATH=${CMAKE_PREFIX_PATH}:/opt/ros/humble /usr/bin/cmake /home/rm/2025-sentry-navi/src/application_cpp -DCMAKE_INSTALL_PREFIX=/home/rm/2025-sentry-navi/install/application_cpp
[1.602s] DEBUG:colcon.colcon_core.event_handler.log_command:Invoking command in '/home/rm/2025-sentry-navi/build/application_cpp': CMAKE_PREFIX_PATH=${CMAKE_PREFIX_PATH}:/opt/ros/humble /usr/bin/cmake --build /home/rm/2025-sentry-navi/build/application_cpp -- -j20 -l20
[4.770s] DEBUG:colcon.colcon_core.event_handler.log_command:Invoked command in '/home/rm/2025-sentry-navi/build/application_cpp' returned '0': CMAKE_PREFIX_PATH=${CMAKE_PREFIX_PATH}:/opt/ros/humble /usr/bin/cmake --build /home/rm/2025-sentry-navi/build/application_cpp -- -j20 -l20
[4.771s] DEBUG:colcon.colcon_core.event_handler.log_command:Invoking command in '/home/rm/2025-sentry-navi/build/application_cpp': CMAKE_PREFIX_PATH=${CMAKE_PREFIX_PATH}:/opt/ros/humble /usr/bin/cmake --install /home/rm/2025-sentry-navi/build/application_cpp
[4.782s] Level 1:colcon.colcon_core.environment:create_environment_scripts_only(application_cpp)
[4.782s] Level 1:colcon.colcon_core.environment:checking '/home/rm/2025-sentry-navi/install/application_cpp' for CMake module files
[4.782s] DEBUG:colcon.colcon_core.event_handler.log_command:Invoked command in '/home/rm/2025-sentry-navi/build/application_cpp' returned '0': CMAKE_PREFIX_PATH=${CMAKE_PREFIX_PATH}:/opt/ros/humble /usr/bin/cmake --install /home/rm/2025-sentry-navi/build/application_cpp
[4.782s] Level 1:colcon.colcon_core.environment:checking '/home/rm/2025-sentry-navi/install/application_cpp' for CMake config files
[4.783s] Level 1:colcon.colcon_core.shell:create_environment_hook('application_cpp', 'cmake_prefix_path')
[4.783s] INFO:colcon.colcon_core.shell:Creating environment hook '/home/rm/2025-sentry-navi/install/application_cpp/share/application_cpp/hook/cmake_prefix_path.ps1'
[4.783s] INFO:colcon.colcon_core.shell:Creating environment descriptor '/home/rm/2025-sentry-navi/install/application_cpp/share/application_cpp/hook/cmake_prefix_path.dsv'
[4.783s] INFO:colcon.colcon_core.shell:Creating environment hook '/home/rm/2025-sentry-navi/install/application_cpp/share/application_cpp/hook/cmake_prefix_path.sh'
[4.784s] Level 1:colcon.colcon_core.environment:checking '/home/rm/2025-sentry-navi/install/application_cpp/lib'
[4.784s] Level 1:colcon.colcon_core.environment:checking '/home/rm/2025-sentry-navi/install/application_cpp/bin'
[4.784s] Level 1:colcon.colcon_core.environment:checking '/home/rm/2025-sentry-navi/install/application_cpp/lib/pkgconfig/application_cpp.pc'
[4.784s] Level 1:colcon.colcon_core.environment:checking '/home/rm/2025-sentry-navi/install/application_cpp/lib/python3.10/site-packages'
[4.784s] Level 1:colcon.colcon_core.environment:checking '/home/rm/2025-sentry-navi/install/application_cpp/bin'
[4.784s] INFO:colcon.colcon_core.shell:Creating package script '/home/rm/2025-sentry-navi/install/application_cpp/share/application_cpp/package.ps1'
[4.784s] INFO:colcon.colcon_core.shell:Creating package descriptor '/home/rm/2025-sentry-navi/install/application_cpp/share/application_cpp/package.dsv'
[4.784s] INFO:colcon.colcon_core.shell:Creating package script '/home/rm/2025-sentry-navi/install/application_cpp/share/application_cpp/package.sh'
[4.785s] INFO:colcon.colcon_core.shell:Creating package script '/home/rm/2025-sentry-navi/install/application_cpp/share/application_cpp/package.bash'
[4.785s] INFO:colcon.colcon_core.shell:Creating package script '/home/rm/2025-sentry-navi/install/application_cpp/share/application_cpp/package.zsh'
[4.785s] Level 1:colcon.colcon_core.environment:create_file_with_runtime_dependencies(/home/rm/2025-sentry-navi/install/application_cpp/share/colcon-core/packages/application_cpp)
[4.785s] Level 1:colcon.colcon_core.environment:create_environment_scripts_only(application_cpp)
[4.785s] Level 1:colcon.colcon_core.environment:checking '/home/rm/2025-sentry-navi/install/application_cpp' for CMake module files
[4.786s] Level 1:colcon.colcon_core.environment:checking '/home/rm/2025-sentry-navi/install/application_cpp' for CMake config files
[4.786s] Level 1:colcon.colcon_core.shell:create_environment_hook('application_cpp', 'cmake_prefix_path')
[4.786s] INFO:colcon.colcon_core.shell:Creating environment hook '/home/rm/2025-sentry-navi/install/application_cpp/share/application_cpp/hook/cmake_prefix_path.ps1'
[4.786s] INFO:colcon.colcon_core.shell:Creating environment descriptor '/home/rm/2025-sentry-navi/install/application_cpp/share/application_cpp/hook/cmake_prefix_path.dsv'
[4.786s] INFO:colcon.colcon_core.shell:Creating environment hook '/home/rm/2025-sentry-navi/install/application_cpp/share/application_cpp/hook/cmake_prefix_path.sh'
[4.786s] Level 1:colcon.colcon_core.environment:checking '/home/rm/2025-sentry-navi/install/application_cpp/lib'
[4.787s] Level 1:colcon.colcon_core.environment:checking '/home/rm/2025-sentry-navi/install/application_cpp/bin'
[4.787s] Level 1:colcon.colcon_core.environment:checking '/home/rm/2025-sentry-navi/install/application_cpp/lib/pkgconfig/application_cpp.pc'
[4.787s] Level 1:colcon.colcon_core.environment:checking '/home/rm/2025-sentry-navi/install/application_cpp/lib/python3.10/site-packages'
[4.787s] Level 1:colcon.colcon_core.environment:checking '/home/rm/2025-sentry-navi/install/application_cpp/bin'
[4.787s] INFO:colcon.colcon_core.shell:Creating package script '/home/rm/2025-sentry-navi/install/application_cpp/share/application_cpp/package.ps1'
[4.787s] INFO:colcon.colcon_core.shell:Creating package descriptor '/home/rm/2025-sentry-navi/install/application_cpp/share/application_cpp/package.dsv'
[4.787s] INFO:colcon.colcon_core.shell:Creating package script '/home/rm/2025-sentry-navi/install/application_cpp/share/application_cpp/package.sh'
[4.788s] INFO:colcon.colcon_core.shell:Creating package script '/home/rm/2025-sentry-navi/install/application_cpp/share/application_cpp/package.bash'
[4.788s] INFO:colcon.colcon_core.shell:Creating package script '/home/rm/2025-sentry-navi/install/application_cpp/share/application_cpp/package.zsh'
[4.788s] Level 1:colcon.colcon_core.environment:create_file_with_runtime_dependencies(/home/rm/2025-sentry-navi/install/application_cpp/share/colcon-core/packages/application_cpp)
[4.788s] DEBUG:colcon.colcon_parallel_executor.executor.parallel:closing loop
[4.788s] DEBUG:colcon.colcon_parallel_executor.executor.parallel:loop closed
[4.788s] DEBUG:colcon.colcon_parallel_executor.executor.parallel:run_until_complete finished with '0'
[4.788s] DEBUG:colcon.colcon_core.event_reactor:joining thread
[4.793s] INFO:colcon.colcon_core.plugin_system:Skipping extension 'colcon_notification.desktop_notification.terminal_notifier': Not used on non-Darwin systems
[4.793s] INFO:colcon.colcon_core.plugin_system:Skipping extension 'colcon_notification.desktop_notification.win32': Not used on non-Windows systems
[4.794s] INFO:colcon.colcon_notification.desktop_notification:Sending desktop notification using 'notify2'
[4.805s] DEBUG:colcon.colcon_core.event_reactor:joined thread
[4.805s] INFO:colcon.colcon_core.shell:Creating prefix script '/home/rm/2025-sentry-navi/install/local_setup.ps1'
[4.806s] INFO:colcon.colcon_core.shell:Creating prefix util module '/home/rm/2025-sentry-navi/install/_local_setup_util_ps1.py'
[4.806s] INFO:colcon.colcon_core.shell:Creating prefix chain script '/home/rm/2025-sentry-navi/install/setup.ps1'
[4.807s] INFO:colcon.colcon_core.shell:Creating prefix script '/home/rm/2025-sentry-navi/install/local_setup.sh'
[4.807s] INFO:colcon.colcon_core.shell:Creating prefix util module '/home/rm/2025-sentry-navi/install/_local_setup_util_sh.py'
[4.807s] INFO:colcon.colcon_core.shell:Creating prefix chain script '/home/rm/2025-sentry-navi/install/setup.sh'
[4.808s] INFO:colcon.colcon_core.shell:Creating prefix script '/home/rm/2025-sentry-navi/install/local_setup.bash'
[4.808s] INFO:colcon.colcon_core.shell:Creating prefix chain script '/home/rm/2025-sentry-navi/install/setup.bash'
[4.809s] INFO:colcon.colcon_core.shell:Creating prefix script '/home/rm/2025-sentry-navi/install/local_setup.zsh'
[4.809s] INFO:colcon.colcon_core.shell:Creating prefix chain script '/home/rm/2025-sentry-navi/install/setup.zsh'
