/home/rm/2025-sentry-navi/install/application/lib/python3.10/site-packages/fishbot_application/get_robot_pose.py
/home/rm/2025-sentry-navi/install/application/lib/python3.10/site-packages/fishbot_application/__init__.py
/home/rm/2025-sentry-navi/install/application/lib/python3.10/site-packages/fishbot_application/init_robot_pose.py
/home/rm/2025-sentry-navi/install/application/lib/python3.10/site-packages/fishbot_application/nav_to_pose.py
/home/rm/2025-sentry-navi/install/application/lib/python3.10/site-packages/fishbot_application/waypoint_follower.py
/home/rm/2025-sentry-navi/install/application/lib/python3.10/site-packages/fishbot_application/__pycache__/get_robot_pose.cpython-310.pyc
/home/rm/2025-sentry-navi/install/application/lib/python3.10/site-packages/fishbot_application/__pycache__/__init__.cpython-310.pyc
/home/rm/2025-sentry-navi/install/application/lib/python3.10/site-packages/fishbot_application/__pycache__/init_robot_pose.cpython-310.pyc
/home/rm/2025-sentry-navi/install/application/lib/python3.10/site-packages/fishbot_application/__pycache__/nav_to_pose.cpython-310.pyc
/home/rm/2025-sentry-navi/install/application/lib/python3.10/site-packages/fishbot_application/__pycache__/waypoint_follower.cpython-310.pyc
/home/rm/2025-sentry-navi/install/application/share/ament_index/resource_index/packages/application
/home/rm/2025-sentry-navi/install/application/share/application/package.xml
/home/rm/2025-sentry-navi/install/application/lib/python3.10/site-packages/application-0.0.0-py3.10.egg-info/zip-safe
/home/rm/2025-sentry-navi/install/application/lib/python3.10/site-packages/application-0.0.0-py3.10.egg-info/requires.txt
/home/rm/2025-sentry-navi/install/application/lib/python3.10/site-packages/application-0.0.0-py3.10.egg-info/top_level.txt
/home/rm/2025-sentry-navi/install/application/lib/python3.10/site-packages/application-0.0.0-py3.10.egg-info/entry_points.txt
/home/rm/2025-sentry-navi/install/application/lib/python3.10/site-packages/application-0.0.0-py3.10.egg-info/PKG-INFO
/home/rm/2025-sentry-navi/install/application/lib/python3.10/site-packages/application-0.0.0-py3.10.egg-info/dependency_links.txt
/home/rm/2025-sentry-navi/install/application/lib/python3.10/site-packages/application-0.0.0-py3.10.egg-info/SOURCES.txt
/home/rm/2025-sentry-navi/install/application/lib/fishbot_application/init_robot_pose
