[0.100s] DEBUG:colcon:Command line arguments: ['/usr/bin/colcon', 'list', '-p', '--base-paths', '/home/rm/2025-sentry-navi', '--log-base', '/dev/null']
[0.100s] DEBUG:colcon:Parsed command line arguments: Namespace(log_base=None, log_level=None, verb_name='list', build_base='build', ignore_user_meta=False, metas=['./colcon.meta'], base_paths=['/home/rm/2025-sentry-navi', '--log-base', '/dev/null'], packages_ignore=None, packages_ignore_regex=None, paths=None, packages_up_to=None, packages_up_to_regex=None, packages_above=None, packages_above_and_dependencies=None, packages_above_depth=None, packages_select_by_dep=None, packages_skip_by_dep=None, packages_skip_up_to=None, packages_select_build_failed=False, packages_skip_build_finished=False, packages_select_test_failures=False, packages_skip_test_passed=False, packages_select=None, packages_skip=None, packages_select_regex=None, packages_skip_regex=None, packages_start=None, packages_end=None, allow_overriding=[], topological_order=False, names_only=False, paths_only=True, topological_graph=False, topological_graph_dot=False, topological_graph_density=False, topological_graph_legend=False, topological_graph_dot_cluster=False, topological_graph_dot_include_skipped=False, verb_parser=<colcon_defaults.argument_parser.defaults.DefaultArgumentsDecorator object at 0x7682e3e68d90>, verb_extension=<colcon_package_information.verb.list.ListVerb object at 0x7682e3e27df0>, main=<bound method ListVerb.main of <colcon_package_information.verb.list.ListVerb object at 0x7682e3e27df0>>)
[0.253s] Level 1:colcon.colcon_core.package_discovery:discover_packages(colcon_meta) check parameters
[0.253s] Level 1:colcon.colcon_core.package_discovery:discover_packages(recursive) check parameters
[0.253s] Level 1:colcon.colcon_core.package_discovery:discover_packages(ignore) check parameters
[0.253s] Level 1:colcon.colcon_core.package_discovery:discover_packages(path) check parameters
[0.253s] Level 1:colcon.colcon_core.package_discovery:discover_packages(recursive) discover
[0.253s] INFO:colcon.colcon_core.package_discovery:Crawling recursively for packages in '/home/rm/2025-sentry-navi', '/home/rm/2025-sentry-navi/--log-base', '/dev/null'
[0.253s] Level 1:colcon.colcon_core.package_identification:_identify(/home/rm/2025-sentry-navi) by extensions ['ignore', 'ignore_ament_install']
[0.253s] Level 1:colcon.colcon_core.package_identification:_identify(/home/rm/2025-sentry-navi) by extension 'ignore'
[0.253s] Level 1:colcon.colcon_core.package_identification:_identify(/home/rm/2025-sentry-navi) by extension 'ignore_ament_install'
[0.253s] Level 1:colcon.colcon_core.package_identification:_identify(/home/rm/2025-sentry-navi) by extensions ['colcon_pkg']
[0.253s] Level 1:colcon.colcon_core.package_identification:_identify(/home/rm/2025-sentry-navi) by extension 'colcon_pkg'
[0.253s] Level 1:colcon.colcon_core.package_identification:_identify(/home/rm/2025-sentry-navi) by extensions ['colcon_meta']
[0.253s] Level 1:colcon.colcon_core.package_identification:_identify(/home/rm/2025-sentry-navi) by extension 'colcon_meta'
[0.253s] Level 1:colcon.colcon_core.package_identification:_identify(/home/rm/2025-sentry-navi) by extensions ['ros']
[0.253s] Level 1:colcon.colcon_core.package_identification:_identify(/home/rm/2025-sentry-navi) by extension 'ros'
[0.265s] Level 1:colcon.colcon_core.package_identification:_identify(/home/rm/2025-sentry-navi) by extensions ['cmake', 'python']
[0.265s] Level 1:colcon.colcon_core.package_identification:_identify(/home/rm/2025-sentry-navi) by extension 'cmake'
[0.265s] Level 1:colcon.colcon_core.package_identification:_identify(/home/rm/2025-sentry-navi) by extension 'python'
[0.265s] Level 1:colcon.colcon_core.package_identification:_identify(/home/rm/2025-sentry-navi) by extensions ['python_setup_py']
[0.265s] Level 1:colcon.colcon_core.package_identification:_identify(/home/rm/2025-sentry-navi) by extension 'python_setup_py'
[0.265s] Level 1:colcon.colcon_core.package_identification:_identify(/home/rm/2025-sentry-navi/log) by extensions ['ignore', 'ignore_ament_install']
[0.266s] Level 1:colcon.colcon_core.package_identification:_identify(/home/rm/2025-sentry-navi/log) by extension 'ignore'
[0.266s] Level 1:colcon.colcon_core.package_identification:_identify(/home/rm/2025-sentry-navi/log) ignored
[0.266s] Level 1:colcon.colcon_core.package_identification:_identify(/home/rm/2025-sentry-navi/src) by extensions ['ignore', 'ignore_ament_install']
[0.266s] Level 1:colcon.colcon_core.package_identification:_identify(/home/rm/2025-sentry-navi/src) by extension 'ignore'
[0.266s] Level 1:colcon.colcon_core.package_identification:_identify(/home/rm/2025-sentry-navi/src) by extension 'ignore_ament_install'
[0.266s] Level 1:colcon.colcon_core.package_identification:_identify(/home/rm/2025-sentry-navi/src) by extensions ['colcon_pkg']
[0.266s] Level 1:colcon.colcon_core.package_identification:_identify(/home/rm/2025-sentry-navi/src) by extension 'colcon_pkg'
[0.266s] Level 1:colcon.colcon_core.package_identification:_identify(/home/rm/2025-sentry-navi/src) by extensions ['colcon_meta']
[0.266s] Level 1:colcon.colcon_core.package_identification:_identify(/home/rm/2025-sentry-navi/src) by extension 'colcon_meta'
[0.266s] Level 1:colcon.colcon_core.package_identification:_identify(/home/rm/2025-sentry-navi/src) by extensions ['ros']
[0.266s] Level 1:colcon.colcon_core.package_identification:_identify(/home/rm/2025-sentry-navi/src) by extension 'ros'
[0.266s] Level 1:colcon.colcon_core.package_identification:_identify(/home/rm/2025-sentry-navi/src) by extensions ['cmake', 'python']
[0.266s] Level 1:colcon.colcon_core.package_identification:_identify(/home/rm/2025-sentry-navi/src) by extension 'cmake'
[0.266s] Level 1:colcon.colcon_core.package_identification:_identify(/home/rm/2025-sentry-navi/src) by extension 'python'
[0.266s] Level 1:colcon.colcon_core.package_identification:_identify(/home/rm/2025-sentry-navi/src) by extensions ['python_setup_py']
[0.266s] Level 1:colcon.colcon_core.package_identification:_identify(/home/rm/2025-sentry-navi/src) by extension 'python_setup_py'
[0.266s] Level 1:colcon.colcon_core.package_identification:_identify(/home/rm/2025-sentry-navi/src/application) by extensions ['ignore', 'ignore_ament_install']
[0.266s] Level 1:colcon.colcon_core.package_identification:_identify(/home/rm/2025-sentry-navi/src/application) by extension 'ignore'
[0.266s] Level 1:colcon.colcon_core.package_identification:_identify(/home/rm/2025-sentry-navi/src/application) by extension 'ignore_ament_install'
[0.266s] Level 1:colcon.colcon_core.package_identification:_identify(/home/rm/2025-sentry-navi/src/application) by extensions ['colcon_pkg']
[0.266s] Level 1:colcon.colcon_core.package_identification:_identify(/home/rm/2025-sentry-navi/src/application) by extension 'colcon_pkg'
[0.266s] Level 1:colcon.colcon_core.package_identification:_identify(/home/rm/2025-sentry-navi/src/application) by extensions ['colcon_meta']
[0.266s] Level 1:colcon.colcon_core.package_identification:_identify(/home/rm/2025-sentry-navi/src/application) by extension 'colcon_meta'
[0.266s] Level 1:colcon.colcon_core.package_identification:_identify(/home/rm/2025-sentry-navi/src/application) by extensions ['ros']
[0.266s] Level 1:colcon.colcon_core.package_identification:_identify(/home/rm/2025-sentry-navi/src/application) by extension 'ros'
[0.268s] DEBUG:colcon.colcon_core.package_identification:Package '/home/rm/2025-sentry-navi/src/application' with type 'ros.ament_python' and name 'application'
[0.268s] Level 1:colcon.colcon_core.package_identification:_identify(/home/rm/2025-sentry-navi/src/application_cpp) by extensions ['ignore', 'ignore_ament_install']
[0.269s] Level 1:colcon.colcon_core.package_identification:_identify(/home/rm/2025-sentry-navi/src/application_cpp) by extension 'ignore'
[0.269s] Level 1:colcon.colcon_core.package_identification:_identify(/home/rm/2025-sentry-navi/src/application_cpp) by extension 'ignore_ament_install'
[0.269s] Level 1:colcon.colcon_core.package_identification:_identify(/home/rm/2025-sentry-navi/src/application_cpp) by extensions ['colcon_pkg']
[0.269s] Level 1:colcon.colcon_core.package_identification:_identify(/home/rm/2025-sentry-navi/src/application_cpp) by extension 'colcon_pkg'
[0.269s] Level 1:colcon.colcon_core.package_identification:_identify(/home/rm/2025-sentry-navi/src/application_cpp) by extensions ['colcon_meta']
[0.269s] Level 1:colcon.colcon_core.package_identification:_identify(/home/rm/2025-sentry-navi/src/application_cpp) by extension 'colcon_meta'
[0.269s] Level 1:colcon.colcon_core.package_identification:_identify(/home/rm/2025-sentry-navi/src/application_cpp) by extensions ['ros']
[0.269s] Level 1:colcon.colcon_core.package_identification:_identify(/home/rm/2025-sentry-navi/src/application_cpp) by extension 'ros'
[0.269s] DEBUG:colcon.colcon_core.package_identification:Package '/home/rm/2025-sentry-navi/src/application_cpp' with type 'ros.ament_cmake' and name 'application_cpp'
[0.269s] Level 1:colcon.colcon_core.package_identification:_identify(/home/rm/2025-sentry-navi/src/navi2) by extensions ['ignore', 'ignore_ament_install']
[0.269s] Level 1:colcon.colcon_core.package_identification:_identify(/home/rm/2025-sentry-navi/src/navi2) by extension 'ignore'
[0.269s] Level 1:colcon.colcon_core.package_identification:_identify(/home/rm/2025-sentry-navi/src/navi2) by extension 'ignore_ament_install'
[0.269s] Level 1:colcon.colcon_core.package_identification:_identify(/home/rm/2025-sentry-navi/src/navi2) by extensions ['colcon_pkg']
[0.269s] Level 1:colcon.colcon_core.package_identification:_identify(/home/rm/2025-sentry-navi/src/navi2) by extension 'colcon_pkg'
[0.270s] Level 1:colcon.colcon_core.package_identification:_identify(/home/rm/2025-sentry-navi/src/navi2) by extensions ['colcon_meta']
[0.270s] Level 1:colcon.colcon_core.package_identification:_identify(/home/rm/2025-sentry-navi/src/navi2) by extension 'colcon_meta'
[0.270s] Level 1:colcon.colcon_core.package_identification:_identify(/home/rm/2025-sentry-navi/src/navi2) by extensions ['ros']
[0.270s] Level 1:colcon.colcon_core.package_identification:_identify(/home/rm/2025-sentry-navi/src/navi2) by extension 'ros'
[0.270s] DEBUG:colcon.colcon_core.package_identification:Package '/home/rm/2025-sentry-navi/src/navi2' with type 'ros.ament_cmake' and name 'navi2'
[0.270s] Level 1:colcon.colcon_core.package_identification:_identify(/home/rm/2025-sentry-navi/src/simulation) by extensions ['ignore', 'ignore_ament_install']
[0.270s] Level 1:colcon.colcon_core.package_identification:_identify(/home/rm/2025-sentry-navi/src/simulation) by extension 'ignore'
[0.270s] Level 1:colcon.colcon_core.package_identification:_identify(/home/rm/2025-sentry-navi/src/simulation) by extension 'ignore_ament_install'
[0.270s] Level 1:colcon.colcon_core.package_identification:_identify(/home/rm/2025-sentry-navi/src/simulation) by extensions ['colcon_pkg']
[0.270s] Level 1:colcon.colcon_core.package_identification:_identify(/home/rm/2025-sentry-navi/src/simulation) by extension 'colcon_pkg'
[0.270s] Level 1:colcon.colcon_core.package_identification:_identify(/home/rm/2025-sentry-navi/src/simulation) by extensions ['colcon_meta']
[0.270s] Level 1:colcon.colcon_core.package_identification:_identify(/home/rm/2025-sentry-navi/src/simulation) by extension 'colcon_meta'
[0.270s] Level 1:colcon.colcon_core.package_identification:_identify(/home/rm/2025-sentry-navi/src/simulation) by extensions ['ros']
[0.270s] Level 1:colcon.colcon_core.package_identification:_identify(/home/rm/2025-sentry-navi/src/simulation) by extension 'ros'
[0.271s] DEBUG:colcon.colcon_core.package_identification:Package '/home/rm/2025-sentry-navi/src/simulation' with type 'ros.ament_cmake' and name 'simulation'
[0.271s] Level 1:colcon.colcon_core.package_discovery:discover_packages(recursive) using defaults
