[0.694s] Invoking command in '/home/rm/2025-sentry-navi/src/application': PYTHONPATH=/home/rm/2025-sentry-navi/build/application/prefix_override:/usr/lib/python3/dist-packages/colcon_core/task/python/colcon_distutils_commands:/home/rm/2025-sentry-navi/install/application/lib/python3.10/site-packages:${PYTHONPATH} /usr/bin/python3 -W ignore:setup.py install is deprecated -W ignore:easy_install command is deprecated setup.py egg_info --egg-base ../../build/application build --build-base /home/rm/2025-sentry-navi/build/application/build install --record /home/rm/2025-sentry-navi/build/application/install.log --single-version-externally-managed install_data
[0.926s] running egg_info
[0.927s] creating ../../build/application/application.egg-info
[0.927s] writing ../../build/application/application.egg-info/PKG-INFO
[0.927s] writing dependency_links to ../../build/application/application.egg-info/dependency_links.txt
[0.927s] writing entry points to ../../build/application/application.egg-info/entry_points.txt
[0.927s] writing requirements to ../../build/application/application.egg-info/requires.txt
[0.928s] writing top-level names to ../../build/application/application.egg-info/top_level.txt
[0.928s] writing manifest file '../../build/application/application.egg-info/SOURCES.txt'
[0.929s] reading manifest file '../../build/application/application.egg-info/SOURCES.txt'
[0.930s] writing manifest file '../../build/application/application.egg-info/SOURCES.txt'
[0.930s] running build
[0.930s] running build_py
[0.930s] creating /home/rm/2025-sentry-navi/build/application/build
[0.930s] creating /home/rm/2025-sentry-navi/build/application/build/lib
[0.930s] creating /home/rm/2025-sentry-navi/build/application/build/lib/fishbot_application
[0.930s] copying fishbot_application/get_robot_pose.py -> /home/rm/2025-sentry-navi/build/application/build/lib/fishbot_application
[0.930s] copying fishbot_application/__init__.py -> /home/rm/2025-sentry-navi/build/application/build/lib/fishbot_application
[0.930s] copying fishbot_application/init_robot_pose.py -> /home/rm/2025-sentry-navi/build/application/build/lib/fishbot_application
[0.930s] copying fishbot_application/nav_to_pose.py -> /home/rm/2025-sentry-navi/build/application/build/lib/fishbot_application
[0.930s] copying fishbot_application/waypoint_follower.py -> /home/rm/2025-sentry-navi/build/application/build/lib/fishbot_application
[0.931s] running install
[0.931s] running install_lib
[0.931s] creating /home/rm/2025-sentry-navi/install/application/lib/python3.10/site-packages/fishbot_application
[0.932s] copying /home/rm/2025-sentry-navi/build/application/build/lib/fishbot_application/get_robot_pose.py -> /home/rm/2025-sentry-navi/install/application/lib/python3.10/site-packages/fishbot_application
[0.932s] copying /home/rm/2025-sentry-navi/build/application/build/lib/fishbot_application/__init__.py -> /home/rm/2025-sentry-navi/install/application/lib/python3.10/site-packages/fishbot_application
[0.932s] copying /home/rm/2025-sentry-navi/build/application/build/lib/fishbot_application/init_robot_pose.py -> /home/rm/2025-sentry-navi/install/application/lib/python3.10/site-packages/fishbot_application
[0.932s] copying /home/rm/2025-sentry-navi/build/application/build/lib/fishbot_application/nav_to_pose.py -> /home/rm/2025-sentry-navi/install/application/lib/python3.10/site-packages/fishbot_application
[0.932s] copying /home/rm/2025-sentry-navi/build/application/build/lib/fishbot_application/waypoint_follower.py -> /home/rm/2025-sentry-navi/install/application/lib/python3.10/site-packages/fishbot_application
[0.932s] byte-compiling /home/rm/2025-sentry-navi/install/application/lib/python3.10/site-packages/fishbot_application/get_robot_pose.py to get_robot_pose.cpython-310.pyc
[0.933s] byte-compiling /home/rm/2025-sentry-navi/install/application/lib/python3.10/site-packages/fishbot_application/__init__.py to __init__.cpython-310.pyc
[0.933s] byte-compiling /home/rm/2025-sentry-navi/install/application/lib/python3.10/site-packages/fishbot_application/init_robot_pose.py to init_robot_pose.cpython-310.pyc
[0.933s] byte-compiling /home/rm/2025-sentry-navi/install/application/lib/python3.10/site-packages/fishbot_application/nav_to_pose.py to nav_to_pose.cpython-310.pyc
[0.934s] byte-compiling /home/rm/2025-sentry-navi/install/application/lib/python3.10/site-packages/fishbot_application/waypoint_follower.py to waypoint_follower.cpython-310.pyc
[0.934s] running install_data
[0.934s] creating /home/rm/2025-sentry-navi/install/application/share/ament_index
[0.934s] creating /home/rm/2025-sentry-navi/install/application/share/ament_index/resource_index
[0.934s] creating /home/rm/2025-sentry-navi/install/application/share/ament_index/resource_index/packages
[0.934s] copying resource/application -> /home/rm/2025-sentry-navi/install/application/share/ament_index/resource_index/packages
[0.934s] copying package.xml -> /home/rm/2025-sentry-navi/install/application/share/application
[0.935s] running install_egg_info
[0.936s] Copying ../../build/application/application.egg-info to /home/rm/2025-sentry-navi/install/application/lib/python3.10/site-packages/application-0.0.0-py3.10.egg-info
[0.937s] running install_scripts
[0.955s] Installing init_robot_pose script to /home/rm/2025-sentry-navi/install/application/lib/fishbot_application
[0.955s] writing list of installed files to '/home/rm/2025-sentry-navi/build/application/install.log'
[0.974s] Invoked command in '/home/rm/2025-sentry-navi/src/application' returned '0': PYTHONPATH=/home/rm/2025-sentry-navi/build/application/prefix_override:/usr/lib/python3/dist-packages/colcon_core/task/python/colcon_distutils_commands:/home/rm/2025-sentry-navi/install/application/lib/python3.10/site-packages:${PYTHONPATH} /usr/bin/python3 -W ignore:setup.py install is deprecated -W ignore:easy_install command is deprecated setup.py egg_info --egg-base ../../build/application build --build-base /home/rm/2025-sentry-navi/build/application/build install --record /home/rm/2025-sentry-navi/build/application/install.log --single-version-externally-managed install_data
